[2026-10-03T09:59:57.570Z] GET file:///Users/chuchurex/Sites/uchile/proyectos/diario-mural-responsive/2026-09/_preview.html → 200 (4ms, 10916B)
[2026-10-03T09:59:57.582Z] GET file:///Users/chuchurex/Sites/uchile/proyectos/diario-mural-responsive/2026-09/b00.png → 200 (2ms, 10014B)
[2026-10-03T09:59:57.582Z] GET file:///Users/chuchurex/Sites/uchile/proyectos/diario-mural-responsive/2026-09/b10.png → 200 (4ms, 25453B)
[2026-10-03T09:59:57.582Z] GET file:///Users/chuchurex/Sites/uchile/proyectos/diario-mural-responsive/2026-09/b11.png → 200 (4ms, 31699B)
[2026-10-03T09:59:57.582Z] GET file:///Users/chuchurex/Sites/uchile/proyectos/diario-mural-responsive/2026-09/b12.png → 200 (4ms, 25790B)
[2026-10-03T09:59:57.582Z] GET file:///Users/chuchurex/Sites/uchile/proyectos/diario-mural-responsive/2026-09/b20.png → 200 (4ms, 27394B)
[2026-10-03T09:59:57.582Z] GET file:///Users/chuchurex/Sites/uchile/proyectos/diario-mural-responsive/2026-09/b21.png → 200 (4ms, 30566B)
[2026-10-03T09:59:57.582Z] GET file:///Users/chuchurex/Sites/uchile/proyectos/diario-mural-responsive/2026-09/b30.png → 200 (4ms, 21989B)
[2026-10-03T09:59:57.582Z] GET file:///Users/chuchurex/Sites/uchile/proyectos/diario-mural-responsive/2026-09/b31.png → 200 (6ms, 10039B)
[2026-10-03T09:59:57.583Z] GET file:///Users/chuchurex/Sites/uchile/proyectos/diario-mural-responsive/2026-09/b40.png → 200 (5ms, 26995B)
[2026-10-03T09:59:57.583Z] GET file:///Users/chuchurex/Sites/uchile/proyectos/diario-mural-responsive/2026-09/b41.png → 200 (5ms, 36229B)
[2026-10-03T09:59:57.583Z] GET file:///Users/chuchurex/Sites/uchile/proyectos/diario-mural-responsive/2026-09/b50.png → 200 (5ms, 34581B)
[2026-10-03T09:59:57.583Z] GET file:///Users/chuchurex/Sites/uchile/proyectos/diario-mural-responsive/2026-09/b51.png → 200 (6ms, 16217B)
[2026-10-03T09:59:57.583Z] GET file:///Users/chuchurex/Sites/uchile/proyectos/diario-mural-responsive/2026-09/b60.png → 200 (6ms, 42272B)
[2026-10-03T09:59:57.583Z] GET file:///Users/chuchurex/Sites/uchile/proyectos/diario-mural-responsive/2026-09/b61.png → 200 (6ms, 32928B)
[2026-10-03T09:59:57.583Z] GET file:///Users/chuchurex/Sites/uchile/proyectos/diario-mural-responsive/2026-09/f0.png → 200 (6ms, 6505B)
[2026-10-03T09:59:57.583Z] GET file:///Users/chuchurex/Sites/uchile/proyectos/diario-mural-responsive/2026-09/f1.png → 200 (6ms, 1094B)
[2026-10-03T09:59:57.583Z] GET file:///Users/chuchurex/Sites/uchile/proyectos/diario-mural-responsive/2026-09/i0.png → 200 (6ms, 258B)
[2026-10-03T09:59:57.583Z] GET file:///Users/chuchurex/Sites/uchile/proyectos/diario-mural-responsive/2026-09/i1.png → 200 (6ms, 375B)
[2026-10-03T09:59:57.583Z] GET file:///Users/chuchurex/Sites/uchile/proyectos/diario-mural-responsive/2026-09/i2.png → 200 (7ms, 378B)
[2026-10-03T09:59:57.583Z] GET file:///Users/chuchurex/Sites/uchile/proyectos/diario-mural-responsive/2026-09/i3.png → 200 (7ms, 285B)
[2026-10-03T09:59:57.583Z] GET file:///Users/chuchurex/Sites/uchile/proyectos/diario-mural-responsive/2026-09/i4.png → 200 (7ms, 300B)
[2026-10-03T09:59:57.583Z] GET file:///Users/chuchurex/Sites/uchile/proyectos/diario-mural-responsive/2026-09/f3.png → 200 (7ms, -1B)
[2026-10-03T09:59:57.975Z] GET file:///Users/chuchurex/Sites/uchile/proyectos/diario-mural-responsive/2026-09/_preview.html → 200 (?ms, 10916B)
[2026-10-03T09:59:57.979Z] GET file:///Users/chuchurex/Sites/uchile/proyectos/diario-mural-responsive/2026-09/b00.png → 200 (2ms, 10014B)
[2026-10-03T09:59:57.979Z] GET file:///Users/chuchurex/Sites/uchile/proyectos/diario-mural-responsive/2026-09/b10.png → 200 (3ms, 25453B)
[2026-10-03T09:59:57.980Z] GET file:///Users/chuchurex/Sites/uchile/proyectos/diario-mural-responsive/2026-09/b11.png → 200 (2ms, 31699B)
[2026-10-03T09:59:57.980Z] GET file:///Users/chuchurex/Sites/uchile/proyectos/diario-mural-responsive/2026-09/b12.png → 200 (2ms, 25790B)
[2026-10-03T09:59:57.980Z] GET file:///Users/chuchurex/Sites/uchile/proyectos/diario-mural-responsive/2026-09/b20.png → 200 (2ms, 27394B)
[2026-10-03T09:59:57.980Z] GET file:///Users/chuchurex/Sites/uchile/proyectos/diario-mural-responsive/2026-09/b21.png → 200 (2ms, 30566B)
[2026-10-03T09:59:57.980Z] GET file:///Users/chuchurex/Sites/uchile/proyectos/diario-mural-responsive/2026-09/b30.png → 200 (2ms, 21989B)
[2026-10-03T09:59:57.981Z] GET file:///Users/chuchurex/Sites/uchile/proyectos/diario-mural-responsive/2026-09/b31.png → 200 (1ms, 10039B)
[2026-10-03T09:59:57.981Z] GET file:///Users/chuchurex/Sites/uchile/proyectos/diario-mural-responsive/2026-09/b40.png → 200 (1ms, 26995B)
[2026-10-03T09:59:57.981Z] GET file:///Users/chuchurex/Sites/uchile/proyectos/diario-mural-responsive/2026-09/b41.png → 200 (3ms, 36229B)
[2026-10-03T09:59:57.981Z] GET file:///Users/chuchurex/Sites/uchile/proyectos/diario-mural-responsive/2026-09/b50.png → 200 (3ms, 34581B)
[2026-10-03T09:59:57.981Z] GET file:///Users/chuchurex/Sites/uchile/proyectos/diario-mural-responsive/2026-09/b51.png → 200 (3ms, 16217B)
[2026-10-03T09:59:57.981Z] GET file:///Users/chuchurex/Sites/uchile/proyectos/diario-mural-responsive/2026-09/b60.png → 200 (3ms, 42272B)
[2026-10-03T09:59:57.981Z] GET file:///Users/chuchurex/Sites/uchile/proyectos/diario-mural-responsive/2026-09/b61.png → 200 (3ms, 32928B)
[2026-10-03T09:59:57.981Z] GET file:///Users/chuchurex/Sites/uchile/proyectos/diario-mural-responsive/2026-09/f0.png → 200 (3ms, 6505B)
[2026-10-03T09:59:57.981Z] GET file:///Users/chuchurex/Sites/uchile/proyectos/diario-mural-responsive/2026-09/f1.png → 200 (3ms, 1094B)
[2026-10-03T09:59:57.981Z] GET file:///Users/chuchurex/Sites/uchile/proyectos/diario-mural-responsive/2026-09/i0.png → 200 (4ms, 258B)
[2026-10-03T09:59:57.981Z] GET file:///Users/chuchurex/Sites/uchile/proyectos/diario-mural-responsive/2026-09/i1.png → 200 (4ms, 375B)
[2026-10-03T09:59:57.981Z] GET file:///Users/chuchurex/Sites/uchile/proyectos/diario-mural-responsive/2026-09/i2.png → 200 (4ms, 378B)
[2026-10-03T09:59:57.981Z] GET file:///Users/chuchurex/Sites/uchile/proyectos/diario-mural-responsive/2026-09/i3.png → 200 (4ms, 285B)
[2026-10-03T09:59:57.981Z] GET file:///Users/chuchurex/Sites/uchile/proyectos/diario-mural-responsive/2026-09/i4.png → 200 (4ms, 300B)
[2026-10-03T09:59:57.981Z] GET file:///Users/chuchurex/Sites/uchile/proyectos/diario-mural-responsive/2026-09/f3.png → 200 (4ms, -1B)
[2026-10-03T10:00:58.538Z] GET file:///Users/chuchurex/Sites/uchile/proyectos/diario-mural-responsive/2026-09/_preview.html → 200 (?ms, 11086B)
[2026-10-03T10:00:58.542Z] GET file:///Users/chuchurex/Sites/uchile/proyectos/diario-mural-responsive/2026-09/b00.png → 200 (2ms, 11341B)
[2026-10-03T10:00:58.542Z] GET file:///Users/chuchurex/Sites/uchile/proyectos/diario-mural-responsive/2026-09/b10.png → 200 (2ms, 24968B)
[2026-10-03T10:00:58.542Z] GET file:///Users/chuchurex/Sites/uchile/proyectos/diario-mural-responsive/2026-09/b11.png → 200 (2ms, 30363B)
[2026-10-03T10:00:58.542Z] GET file:///Users/chuchurex/Sites/uchile/proyectos/diario-mural-responsive/2026-09/b12.png → 200 (2ms, 25353B)
[2026-10-03T10:00:58.543Z] GET file:///Users/chuchurex/Sites/uchile/proyectos/diario-mural-responsive/2026-09/b20.png → 200 (1ms, 27394B)
[2026-10-03T10:00:58.543Z] GET file:///Users/chuchurex/Sites/uchile/proyectos/diario-mural-responsive/2026-09/b21.png → 200 (1ms, 30566B)
[2026-10-03T10:00:58.543Z] GET file:///Users/chuchurex/Sites/uchile/proyectos/diario-mural-responsive/2026-09/b30.png → 200 (1ms, 21989B)
[2026-10-03T10:00:58.543Z] GET file:///Users/chuchurex/Sites/uchile/proyectos/diario-mural-responsive/2026-09/b31.png → 200 (1ms, 10039B)
[2026-10-03T10:00:58.543Z] GET file:///Users/chuchurex/Sites/uchile/proyectos/diario-mural-responsive/2026-09/b40.png → 200 (1ms, 26995B)
[2026-10-03T10:00:58.543Z] GET file:///Users/chuchurex/Sites/uchile/proyectos/diario-mural-responsive/2026-09/b41.png → 200 (2ms, 36229B)
[2026-10-03T10:00:58.543Z] GET file:///Users/chuchurex/Sites/uchile/proyectos/diario-mural-responsive/2026-09/b50.png → 200 (2ms, 34581B)
[2026-10-03T10:00:58.543Z] GET file:///Users/chuchurex/Sites/uchile/proyectos/diario-mural-responsive/2026-09/b51.png → 200 (2ms, 16217B)
[2026-10-03T10:00:58.544Z] GET file:///Users/chuchurex/Sites/uchile/proyectos/diario-mural-responsive/2026-09/b60.png → 200 (1ms, 42272B)
[2026-10-03T10:00:58.544Z] GET file:///Users/chuchurex/Sites/uchile/proyectos/diario-mural-responsive/2026-09/b61.png → 200 (1ms, 32928B)
[2026-10-03T10:00:58.544Z] GET file:///Users/chuchurex/Sites/uchile/proyectos/diario-mural-responsive/2026-09/f0.png → 200 (1ms, 6505B)
[2026-10-03T10:00:58.544Z] GET file:///Users/chuchurex/Sites/uchile/proyectos/diario-mural-responsive/2026-09/f1.png → 200 (1ms, 1094B)
[2026-10-03T10:00:58.544Z] GET file:///Users/chuchurex/Sites/uchile/proyectos/diario-mural-responsive/2026-09/i0.png → 200 (1ms, 258B)
[2026-10-03T10:00:58.544Z] GET file:///Users/chuchurex/Sites/uchile/proyectos/diario-mural-responsive/2026-09/i1.png → 200 (1ms, 375B)
[2026-10-03T10:00:58.544Z] GET file:///Users/chuchurex/Sites/uchile/proyectos/diario-mural-responsive/2026-09/i2.png → 200 (1ms, 378B)
[2026-10-03T10:00:58.544Z] GET file:///Users/chuchurex/Sites/uchile/proyectos/diario-mural-responsive/2026-09/i3.png → 200 (1ms, 285B)
[2026-10-03T10:00:58.544Z] GET file:///Users/chuchurex/Sites/uchile/proyectos/diario-mural-responsive/2026-09/i4.png → 200 (2ms, 300B)
[2026-10-03T10:00:58.544Z] GET file:///Users/chuchurex/Sites/uchile/proyectos/diario-mural-responsive/2026-09/f3.png → 200 (2ms, -1B)
[2026-10-03T10:05:13.922Z] GET file:///Users/chuchurex/Sites/uchile/proyectos/diario-mural-responsive/2026-09/_preview.html → 200 (?ms, 11420B)
[2026-10-03T10:05:13.929Z] GET file:///Users/chuchurex/Sites/uchile/proyectos/diario-mural-responsive/2026-09/b00.png → 200 (2ms, 10014B)
[2026-10-03T10:05:13.929Z] GET file:///Users/chuchurex/Sites/uchile/proyectos/diario-mural-responsive/2026-09/b10.png → 200 (2ms, 1454B)
[2026-10-03T10:05:13.929Z] GET file:///Users/chuchurex/Sites/uchile/proyectos/diario-mural-responsive/2026-09/b20.png → 200 (2ms, 24968B)
[2026-10-03T10:05:13.929Z] GET file:///Users/chuchurex/Sites/uchile/proyectos/diario-mural-responsive/2026-09/b21.png → 200 (2ms, 30363B)
[2026-10-03T10:05:13.929Z] GET file:///Users/chuchurex/Sites/uchile/proyectos/diario-mural-responsive/2026-09/b22.png → 200 (2ms, 25353B)
[2026-10-03T10:05:13.929Z] GET file:///Users/chuchurex/Sites/uchile/proyectos/diario-mural-responsive/2026-09/b30.png → 200 (2ms, 27394B)
[2026-10-03T10:05:13.929Z] GET file:///Users/chuchurex/Sites/uchile/proyectos/diario-mural-responsive/2026-09/b31.png → 200 (2ms, 30566B)
[2026-10-03T10:05:13.930Z] GET file:///Users/chuchurex/Sites/uchile/proyectos/diario-mural-responsive/2026-09/b40.png → 200 (1ms, 21989B)
[2026-10-03T10:05:13.930Z] GET file:///Users/chuchurex/Sites/uchile/proyectos/diario-mural-responsive/2026-09/b41.png → 200 (2ms, 10039B)
[2026-10-03T10:05:13.930Z] GET file:///Users/chuchurex/Sites/uchile/proyectos/diario-mural-responsive/2026-09/b50.png → 200 (2ms, 26995B)
[2026-10-03T10:05:13.930Z] GET file:///Users/chuchurex/Sites/uchile/proyectos/diario-mural-responsive/2026-09/b51.png → 200 (2ms, 36229B)
[2026-10-03T10:05:13.930Z] GET file:///Users/chuchurex/Sites/uchile/proyectos/diario-mural-responsive/2026-09/b60.png → 200 (2ms, 34642B)
[2026-10-03T10:05:13.930Z] GET file:///Users/chuchurex/Sites/uchile/proyectos/diario-mural-responsive/2026-09/b61.png → 200 (2ms, 17168B)
[2026-10-03T10:05:13.930Z] GET file:///Users/chuchurex/Sites/uchile/proyectos/diario-mural-responsive/2026-09/b70.png → 200 (2ms, 41988B)
[2026-10-03T10:05:13.930Z] GET file:///Users/chuchurex/Sites/uchile/proyectos/diario-mural-responsive/2026-09/b71.png → 200 (2ms, 31729B)
[2026-10-03T10:05:13.930Z] GET file:///Users/chuchurex/Sites/uchile/proyectos/diario-mural-responsive/2026-09/f0.png → 200 (2ms, 6505B)
[2026-10-03T10:05:13.930Z] GET file:///Users/chuchurex/Sites/uchile/proyectos/diario-mural-responsive/2026-09/f1.png → 200 (3ms, 1094B)
[2026-10-03T10:05:13.930Z] GET file:///Users/chuchurex/Sites/uchile/proyectos/diario-mural-responsive/2026-09/i0.png → 200 (3ms, 258B)
[2026-10-03T10:05:13.930Z] GET file:///Users/chuchurex/Sites/uchile/proyectos/diario-mural-responsive/2026-09/i1.png → 200 (3ms, 375B)
[2026-10-03T10:05:13.930Z] GET file:///Users/chuchurex/Sites/uchile/proyectos/diario-mural-responsive/2026-09/i2.png → 200 (3ms, 378B)
[2026-10-03T10:05:13.930Z] GET file:///Users/chuchurex/Sites/uchile/proyectos/diario-mural-responsive/2026-09/i3.png → 200 (3ms, 285B)
[2026-10-03T10:05:13.930Z] GET file:///Users/chuchurex/Sites/uchile/proyectos/diario-mural-responsive/2026-09/i4.png → 200 (3ms, 300B)
[2026-10-03T10:05:13.930Z] GET file:///Users/chuchurex/Sites/uchile/proyectos/diario-mural-responsive/2026-09/f3.png → 200 (3ms, -1B)
